// Jest Snapshot v1, https://goo.gl/fbAQLP

exports[`images stories initial state should match snapshot 1`] = `
Object {
  "images": Object {},
}
`;
